This is pdfTeX, Version 3.141592653-2.6-1.40.29 (TeX Live 2026) (preloaded format=pdflatex 2026.3.22)  14 JUL 2026 13:06
entering extended mode
 restricted \write18 enabled.
 file:line:error style messages enabled.
 %&-line parsing enabled.
**/Users/joaquin/Desktop/spatial_price_competition/reports/passthrough.tex
(/Users/joaquin/Desktop/spatial_price_competition/reports/passthrough.tex
LaTeX2e <2025-11-01>
L3 programming layer <2026-01-19>
(/usr/local/texlive/2026/texmf-dist/tex/latex/base/article.cls
Document Class: article 2025/01/22 v1.4n Standard LaTeX document class
(/usr/local/texlive/2026/texmf-dist/tex/latex/base/size11.clo
File: size11.clo 2025/01/22 v1.4n Standard LaTeX file (size option)
)
\c@part=\count275
\c@section=\count276
\c@subsection=\count277
\c@subsubsection=\count278
\c@paragraph=\count279
\c@subparagraph=\count280
\c@figure=\count281
\c@table=\count282
\abovecaptionskip=\skip49
\belowcaptionskip=\skip50
\bibindent=\dimen148
) (/usr/local/texlive/2026/texmf-dist/tex/latex/base/inputenc.sty
Package: inputenc 2024/02/08 v1.3d Input encoding file
\inpenc@prehook=\toks17
\inpenc@posthook=\toks18
) (/usr/local/texlive/2026/texmf-dist/tex/latex/base/fontenc.sty
Package: fontenc 2025/07/18 v2.1d Standard LaTeX package
) (/usr/local/texlive/2026/texmf-dist/tex/generic/babel/babel.sty
Package: babel 2026/03/08 v26.4 The multilingual framework for LuaLaTeX, pdfLaTeX and XeLaTeX
\babel@savecnt=\count283
LaTeX Encoding Info:    Redeclaring text command \ij (encoding OT1) on input line 2078.
LaTeX Encoding Info:    Redeclaring text command \IJ (encoding OT1) on input line 2080.
LaTeX Encoding Info:    Redeclaring text command \ij (encoding T1) on input line 2082.
LaTeX Encoding Info:    Redeclaring text command \IJ (encoding T1) on input line 2083.
LaTeX Encoding Info:    Ignoring declaration for text command \ij (encoding ?) on input line 2084.
LaTeX Encoding Info:    Ignoring declaration for text command \IJ (encoding ?) on input line 2086.
LaTeX Encoding Info:    Ignoring declaration for text command \SS (encoding ?) on input line 2111.
\U@D=\dimen149
\l@unhyphenated=\language91
 (/usr/local/texlive/2026/texmf-dist/tex/generic/babel/txtbabel.def)
\bbl@readstream=\read2
\bbl@dirlevel=\count284
 (/usr/local/texlive/2026/texmf-dist/tex/generic/babel/locale/es/babel-spanish.tex)
Package babel Info: Importing font and identification data for spanish
(babel)             from babel-es.ini. Reported on input line 4330.
 (/usr/local/texlive/2026/texmf-dist/tex/generic/babel-spanish/spanish.ldf
Language: spanish.ldf 2021/05/27 v5.0q Spanish support from the babel system
\es@quottoks=\toks19
\es@quotdepth=\count285
Package babel Info: Making " an active character on input line 570.
Package babel Info: Making . an active character on input line 675.
Package babel Info: Making < an active character on input line 722.
Package babel Info: Making > an active character on input line 722.
))
LaTeX Encoding Info:    Redeclaring text command \guillemotleft (encoding OT1) on input line 6.
LaTeX Encoding Info:    Redeclaring text command \guillemotright (encoding OT1) on input line 6.
 (/usr/local/texlive/2026/texmf-dist/tex/latex/geometry/geometry.sty
Package: geometry 2026/03/07 v6.0 Page Geometry
 (/usr/local/texlive/2026/texmf-dist/tex/latex/graphics/keyval.sty
Package: keyval 2022/05/29 v1.15 key=value parser (DPC)
\KV@toks@=\toks20
) (/usr/local/texlive/2026/texmf-dist/tex/generic/iftex/ifvtex.sty
Package: ifvtex 2019/10/25 v1.7 ifvtex legacy package. Use iftex instead.
 (/usr/local/texlive/2026/texmf-dist/tex/generic/iftex/iftex.sty
Package: iftex 2024/12/12 v1.0g TeX engine tests
))
\Gm@cnth=\count286
\Gm@cntv=\count287
\c@Gm@tempcnt=\count288
\Gm@bindingoffset=\dimen150
\Gm@wd@mp=\dimen151
\Gm@odd@mp=\dimen152
\Gm@even@mp=\dimen153
\Gm@layoutwidth=\dimen154
\Gm@layoutheight=\dimen155
\Gm@layouthoffset=\dimen156
\Gm@layoutvoffset=\dimen157
\Gm@dimlist=\toks21
) (/usr/local/texlive/2026/texmf-dist/tex/latex/amsmath/amsmath.sty
Package: amsmath 2025/07/09 v2.17z AMS math features
\@mathmargin=\skip51

For additional information on amsmath, use the `?' option.
(/usr/local/texlive/2026/texmf-dist/tex/latex/amsmath/amstext.sty
Package: amstext 2024/11/17 v2.01 AMS text
 (/usr/local/texlive/2026/texmf-dist/tex/latex/amsmath/amsgen.sty
File: amsgen.sty 1999/11/30 v2.0 generic functions
\@emptytoks=\toks22
\ex@=\dimen158
)) (/usr/local/texlive/2026/texmf-dist/tex/latex/amsmath/amsbsy.sty
Package: amsbsy 1999/11/29 v1.2d Bold Symbols
\pmbraise@=\dimen159
) (/usr/local/texlive/2026/texmf-dist/tex/latex/amsmath/amsopn.sty
Package: amsopn 2022/04/08 v2.04 operator names
)
\inf@bad=\count289
LaTeX Info: Redefining \frac on input line 233.
\uproot@=\count290
\leftroot@=\count291
LaTeX Info: Redefining \overline on input line 398.
LaTeX Info: Redefining \colon on input line 409.
\classnum@=\count292
\DOTSCASE@=\count293
LaTeX Info: Redefining \ldots on input line 495.
LaTeX Info: Redefining \dots on input line 498.
LaTeX Info: Redefining \cdots on input line 619.
\Mathstrutbox@=\box53
\strutbox@=\box54
LaTeX Info: Redefining \big on input line 721.
LaTeX Info: Redefining \Big on input line 722.
LaTeX Info: Redefining \bigg on input line 723.
LaTeX Info: Redefining \Bigg on input line 724.
\big@size=\dimen160
LaTeX Font Info:    Redeclaring font encoding OML on input line 742.
LaTeX Font Info:    Redeclaring font encoding OMS on input line 743.
\macc@depth=\count294
LaTeX Info: Redefining \bmod on input line 904.
LaTeX Info: Redefining \pmod on input line 909.
LaTeX Info: Redefining \smash on input line 939.
LaTeX Info: Redefining \relbar on input line 969.
LaTeX Info: Redefining \Relbar on input line 970.
\c@MaxMatrixCols=\count295
\dotsspace@=\muskip17
\c@parentequation=\count296
\dspbrk@lvl=\count297
\tag@help=\toks23
\row@=\count298
\column@=\count299
\maxfields@=\count300
\andhelp@=\toks24
\eqnshift@=\dimen161
\alignsep@=\dimen162
\tagshift@=\dimen163
\tagwidth@=\dimen164
\totwidth@=\dimen165
\lineht@=\dimen166
\@envbody=\toks25
\multlinegap=\skip52
\multlinetaggap=\skip53
\mathdisplay@stack=\toks26
LaTeX Info: Redefining \[ on input line 2950.
LaTeX Info: Redefining \] on input line 2951.
) (/usr/local/texlive/2026/texmf-dist/tex/latex/booktabs/booktabs.sty
Package: booktabs 2020/01/12 v1.61803398 Publication quality tables
\heavyrulewidth=\dimen167
\lightrulewidth=\dimen168
\cmidrulewidth=\dimen169
\belowrulesep=\dimen170
\belowbottomsep=\dimen171
\aboverulesep=\dimen172
\abovetopsep=\dimen173
\cmidrulesep=\dimen174
\cmidrulekern=\dimen175
\defaultaddspace=\dimen176
\@cmidla=\count301
\@cmidlb=\count302
\@aboverulesep=\dimen177
\@belowrulesep=\dimen178
\@thisruleclass=\count303
\@lastruleclass=\count304
\@thisrulewidth=\dimen179
) (/usr/local/texlive/2026/texmf-dist/tex/latex/tools/longtable.sty
Package: longtable 2025-10-13 v4.24 Multi-page Table package (DPC)
\LTleft=\skip54
\LTright=\skip55
\LTpre=\skip56
\LTpost=\skip57
\LTchunksize=\count305
\LTcapwidth=\dimen180
\LT@head=\box55
\LT@firsthead=\box56
\LT@foot=\box57
\LT@lastfoot=\box58
\LT@gbox=\box59
\LT@cols=\count306
\LT@rows=\count307
\c@LT@tables=\count308
\c@LT@chunks=\count309
\LT@p@ftn=\toks27
) (/usr/local/texlive/2026/texmf-dist/tex/latex/graphics/graphicx.sty
Package: graphicx 2024/12/31 v1.2e Enhanced LaTeX Graphics (DPC,SPQR)
 (/usr/local/texlive/2026/texmf-dist/tex/latex/graphics/graphics.sty
Package: graphics 2024/08/06 v1.4g Standard LaTeX Graphics (DPC,SPQR)
 (/usr/local/texlive/2026/texmf-dist/tex/latex/graphics/trig.sty
Package: trig 2023/12/02 v1.11 sin cos tan (DPC)
) (/usr/local/texlive/2026/texmf-dist/tex/latex/graphics-cfg/graphics.cfg
File: graphics.cfg 2016/06/04 v1.11 sample graphics configuration
)
Package graphics Info: Driver file: pdftex.def on input line 106.
 (/usr/local/texlive/2026/texmf-dist/tex/latex/graphics-def/pdftex.def
File: pdftex.def 2025/09/29 v1.2d Graphics/color driver for pdftex
))
\Gin@req@height=\dimen181
\Gin@req@width=\dimen182
) (/usr/local/texlive/2026/texmf-dist/tex/latex/hyperref/hyperref.sty
Package: hyperref 2026-01-29 v7.01p Hypertext links for LaTeX
 (/usr/local/texlive/2026/texmf-dist/tex/latex/kvsetkeys/kvsetkeys.sty
Package: kvsetkeys 2022-10-05 v1.19 Key value parser (HO)
) (/usr/local/texlive/2026/texmf-dist/tex/generic/kvdefinekeys/kvdefinekeys.sty
Package: kvdefinekeys 2019-12-19 v1.6 Define keys (HO)
) (/usr/local/texlive/2026/texmf-dist/tex/generic/pdfescape/pdfescape.sty
Package: pdfescape 2019/12/09 v1.15 Implements pdfTeX's escape features (HO)
 (/usr/local/texlive/2026/texmf-dist/tex/generic/ltxcmds/ltxcmds.sty
Package: ltxcmds 2023-12-04 v1.26 LaTeX kernel commands for general use (HO)
) (/usr/local/texlive/2026/texmf-dist/tex/generic/pdftexcmds/pdftexcmds.sty
Package: pdftexcmds 2020-06-27 v0.33 Utility functions of pdfTeX for LuaTeX (HO)
 (/usr/local/texlive/2026/texmf-dist/tex/generic/infwarerr/infwarerr.sty
Package: infwarerr 2019/12/03 v1.5 Providing info/warning/error messages (HO)
)
Package pdftexcmds Info: \pdf@primitive is available.
Package pdftexcmds Info: \pdf@ifprimitive is available.
Package pdftexcmds Info: \pdfdraftmode found.
)) (/usr/local/texlive/2026/texmf-dist/tex/latex/hycolor/hycolor.sty
Package: hycolor 2020-01-27 v1.10 Color options for hyperref/bookmark (HO)
) (/usr/local/texlive/2026/texmf-dist/tex/latex/hyperref/nameref.sty
Package: nameref 2026-01-29 v2.58 Cross-referencing by name of section
 (/usr/local/texlive/2026/texmf-dist/tex/latex/refcount/refcount.sty
Package: refcount 2019/12/15 v3.6 Data extraction from label references (HO)
) (/usr/local/texlive/2026/texmf-dist/tex/generic/gettitlestring/gettitlestring.sty
Package: gettitlestring 2019/12/15 v1.6 Cleanup title references (HO)
 (/usr/local/texlive/2026/texmf-dist/tex/latex/kvoptions/kvoptions.sty
Package: kvoptions 2022-06-15 v3.15 Key value format for package options (HO)
))
\c@section@level=\count310
) (/usr/local/texlive/2026/texmf-dist/tex/latex/etoolbox/etoolbox.sty
Package: etoolbox 2025/10/02 v2.5m e-TeX tools for LaTeX (JAW)
\etb@tempcnta=\count311
) (/usr/local/texlive/2026/texmf-dist/tex/generic/stringenc/stringenc.sty
Package: stringenc 2019/11/29 v1.12 Convert strings between diff. encodings (HO)
)
\@linkdim=\dimen183
\Hy@linkcounter=\count312
\Hy@pagecounter=\count313
 (/usr/local/texlive/2026/texmf-dist/tex/latex/hyperref/pd1enc.def
File: pd1enc.def 2026-01-29 v7.01p Hyperref: PDFDocEncoding definition (HO)
Now handling font encoding PD1 ...
... no UTF-8 mapping file for font encoding PD1
) (/usr/local/texlive/2026/texmf-dist/tex/generic/intcalc/intcalc.sty
Package: intcalc 2019/12/15 v1.3 Expandable calculations with integers (HO)
)
\Hy@SavedSpaceFactor=\count314
 (/usr/local/texlive/2026/texmf-dist/tex/latex/hyperref/puenc.def
File: puenc.def 2026-01-29 v7.01p Hyperref: PDF Unicode definition (HO)
Now handling font encoding PU ...
... no UTF-8 mapping file for font encoding PU
)
Package hyperref Info: Hyper figures OFF on input line 4201.
Package hyperref Info: Link nesting OFF on input line 4206.
Package hyperref Info: Hyper index ON on input line 4209.
Package hyperref Info: Plain pages OFF on input line 4216.
Package hyperref Info: Backreferencing OFF on input line 4221.
Package hyperref Info: Implicit mode ON; LaTeX internals redefined.
Package hyperref Info: Bookmarks ON on input line 4468.
\c@Hy@tempcnt=\count315
 (/usr/local/texlive/2026/texmf-dist/tex/latex/url/url.sty
\Urlmuskip=\muskip18
Package: url 2013/09/16  ver 3.4  Verb mode for urls, etc.
)
LaTeX Info: Redefining \url on input line 4807.
\XeTeXLinkMargin=\dimen184
 (/usr/local/texlive/2026/texmf-dist/tex/generic/bitset/bitset.sty
Package: bitset 2019/12/09 v1.3 Handle bit-vector datatype (HO)
 (/usr/local/texlive/2026/texmf-dist/tex/generic/bigintcalc/bigintcalc.sty
Package: bigintcalc 2019/12/15 v1.5 Expandable calculations on big integers (HO)
))
\Fld@menulength=\count316
\Field@Width=\dimen185
\Fld@charsize=\dimen186
Package hyperref Info: Hyper figures OFF on input line 6084.
Package hyperref Info: Link nesting OFF on input line 6089.
Package hyperref Info: Hyper index ON on input line 6092.
Package hyperref Info: backreferencing OFF on input line 6099.
Package hyperref Info: Link coloring OFF on input line 6104.
Package hyperref Info: Link coloring with OCG OFF on input line 6109.
Package hyperref Info: PDF/A mode OFF on input line 6114.
\Hy@abspage=\count317
\c@Item=\count318
\c@Hfootnote=\count319
)
Package hyperref Info: Driver (autodetected): hpdftex.
 (/usr/local/texlive/2026/texmf-dist/tex/latex/hyperref/hpdftex.def
File: hpdftex.def 2026-01-29 v7.01p Hyperref driver for pdfTeX
\Fld@listcount=\count320
\c@bookmark@seq@number=\count321
 (/usr/local/texlive/2026/texmf-dist/tex/latex/rerunfilecheck/rerunfilecheck.sty
Package: rerunfilecheck 2025-06-21 v1.11 Rerun checks for auxiliary files (HO)
 (/usr/local/texlive/2026/texmf-dist/tex/generic/uniquecounter/uniquecounter.sty
Package: uniquecounter 2019/12/15 v1.4 Provide unlimited unique counter (HO)
)
Package uniquecounter Info: New unique counter `rerunfilecheck' on input line 284.
)
\Hy@SectionHShift=\skip58
) (/usr/local/texlive/2026/texmf-dist/tex/latex/l3backend/l3backend-pdftex.def
File: l3backend-pdftex.def 2025-10-09 L3 backend support: PDF output (pdfTeX)
\l__color_backend_stack_int=\count322
) (./passthrough.aux
LaTeX Info: Redefining \. on input line 11.
LaTeX Info: Redefining \% on input line 11.
Package babel Info: 'spanish' activates 'spanish' shorthands.
(babel)             Reported on input line 11.
)
\openout1 = `passthrough.aux'.

LaTeX Font Info:    Checking defaults for OML/cmm/m/it on input line 18.
LaTeX Font Info:    ... okay on input line 18.
LaTeX Font Info:    Checking defaults for OMS/cmsy/m/n on input line 18.
LaTeX Font Info:    ... okay on input line 18.
LaTeX Font Info:    Checking defaults for OT1/cmr/m/n on input line 18.
LaTeX Font Info:    ... okay on input line 18.
LaTeX Font Info:    Checking defaults for T1/cmr/m/n on input line 18.
LaTeX Font Info:    ... okay on input line 18.
LaTeX Font Info:    Checking defaults for TS1/cmr/m/n on input line 18.
LaTeX Font Info:    ... okay on input line 18.
LaTeX Font Info:    Checking defaults for OMX/cmex/m/n on input line 18.
LaTeX Font Info:    ... okay on input line 18.
LaTeX Font Info:    Checking defaults for U/cmr/m/n on input line 18.
LaTeX Font Info:    ... okay on input line 18.
LaTeX Font Info:    Checking defaults for PD1/pdf/m/n on input line 18.
LaTeX Font Info:    ... okay on input line 18.
LaTeX Font Info:    Checking defaults for PU/pdf/m/n on input line 18.
LaTeX Font Info:    ... okay on input line 18.
LaTeX Info: Redefining \. on input line 18.
LaTeX Info: Redefining \% on input line 18.

*geometry* driver: auto-detecting
*geometry* detected driver: pdftex
*geometry* verbose mode - [ preamble ] result:
* driver: pdftex
* paper: <default>
* layout: <same size as paper>
* layoutoffset:(h,v)=(0.0pt,0.0pt)
* modes: 
* h-part:(L,W,R)=(71.13188pt, 472.03123pt, 71.13188pt)
* v-part:(T,H,B)=(71.13188pt, 652.70622pt, 71.13188pt)
* \paperwidth=614.295pt
* \paperheight=794.96999pt
* \textwidth=472.03123pt
* \textheight=652.70622pt
* \oddsidemargin=-1.1381pt
* \evensidemargin=-1.1381pt
* \topmargin=-38.1381pt
* \headheight=12.0pt
* \headsep=25.0pt
* \topskip=11.0pt
* \footskip=30.0pt
* \marginparwidth=59.0pt
* \marginparsep=10.0pt
* \columnsep=10.0pt
* \skip\footins=10.0pt plus 4.0pt minus 2.0pt
* \hoffset=0.0pt
* \voffset=0.0pt
* \mag=1000
* \@twocolumnfalse
* \@twosidefalse
* \@mparswitchfalse
* \@reversemarginfalse
* (1in=72.27pt=25.4mm, 1cm=28.453pt)

(/usr/local/texlive/2026/texmf-dist/tex/context/base/mkii/supp-pdf.mkii
[Loading MPS to PDF converter (version 2006.09.02).]
\scratchcounter=\count323
\scratchdimen=\dimen187
\scratchbox=\box60
\nofMPsegments=\count324
\nofMParguments=\count325
\everyMPshowfont=\toks28
\MPscratchCnt=\count326
\MPscratchDim=\dimen188
\MPnumerator=\count327
\makeMPintoPDFobject=\count328
\everyMPtoPDFconversion=\toks29
) (/usr/local/texlive/2026/texmf-dist/tex/latex/epstopdf-pkg/epstopdf-base.sty
Package: epstopdf-base 2020-01-24 v2.11 Base part for package epstopdf
Package epstopdf-base Info: Redefining graphics rule for `.eps' on input line 485.
 (/usr/local/texlive/2026/texmf-dist/tex/latex/latexconfig/epstopdf-sys.cfg
File: epstopdf-sys.cfg 2010/07/13 v1.3 Configuration of (r)epstopdf for TeX Live
))
Package hyperref Info: Link coloring OFF on input line 18.
 (./passthrough.out) (./passthrough.out)
\@outlinefile=\write3
\openout3 = `passthrough.out'.

 [1

{/usr/local/texlive/2026/texmf-var/fonts/map/pdftex/updmap/pdftex.map}{/usr/local/texlive/2026/texmf-dist/fonts/enc/dvips/cm-super/cm-super-t1.enc}] [2]
Underfull \hbox (badness 6380) in paragraph at lines 171--171
[]\T1/cmr/m/n/10.95 Tabla 1: Dic-cio-na-rio de va-ria-bles de la ba-se fi-nal
 []


Underfull \hbox (badness 10000) in paragraph at lines 189--189
[]|\T1/cmtt/m/n/10.95 codigo_region\T1/cmr/m/n/10.95 ,
 []


Overfull \hbox (10.48015pt too wide) in paragraph at lines 199--199
[]|\T1/cmtt/m/n/10.95 variable_specific_tax_utm_m3| 
 []


Underfull \hbox (badness 10000) in paragraph at lines 200--200
[]|\T1/cmtt/m/n/10.95 d_wholesale_w_o\T1/cmr/m/n/10.95 ,
 []


Underfull \hbox (badness 10000) in paragraph at lines 203--203
[]|\T1/cmtt/m/n/10.95 efectivo\T1/cmr/m/n/10.95 , \T1/cmtt/m/n/10.95 tarjeta_credito\T1/cmr/m/n/10.95 ,
 []


Underfull \hbox (badness 10000) in paragraph at lines 203--203
\T1/cmtt/m/n/10.95 tarjeta_debito\T1/cmr/m/n/10.95 , \T1/cmtt/m/n/10.95 app_pago\T1/cmr/m/n/10.95 ,
 []


Underfull \hbox (badness 10000) in paragraph at lines 204--204
[]|\T1/cmtt/m/n/10.95 cajero_automatico\T1/cmr/m/n/10.95 ,
 []


Underfull \hbox (badness 10000) in paragraph at lines 204--204
\T1/cmtt/m/n/10.95 banio_publico\T1/cmr/m/n/10.95 , \T1/cmtt/m/n/10.95 farmacia\T1/cmr/m/n/10.95 ,
 []


Underfull \hbox (badness 10000) in paragraph at lines 204--204
\T1/cmtt/m/n/10.95 tienda_conveniencia\T1/cmr/m/n/10.95 ,
 []


Underfull \hbox (badness 10000) in paragraph at lines 204--204
\T1/cmtt/m/n/10.95 compresor_aire_neumaticos\T1/cmr/m/n/10.95 ,
 []


Underfull \hbox (badness 10000) in paragraph at lines 204--204
\T1/cmtt/m/n/10.95 lavado_auto\T1/cmr/m/n/10.95 ,
 []


Underfull \hbox (badness 10000) in paragraph at lines 204--204
\T1/cmtt/m/n/10.95 juegos_infantiles\T1/cmr/m/n/10.95 ,
 []


Underfull \hbox (badness 10000) in paragraph at lines 204--204
\T1/cmtt/m/n/10.95 servicios_mantencion\T1/cmr/m/n/10.95 ,
 []


Underfull \hbox (badness 10000) in paragraph at lines 204--204
\T1/cmtt/m/n/10.95 surtidor_camiones\T1/cmr/m/n/10.95 , \T1/cmtt/m/n/10.95 duchas\T1/cmr/m/n/10.95 ,
 []


Underfull \hbox (badness 1062) in paragraph at lines 209--210
[]|\T1/cmr/m/n/10.95 Tiempo de even-to e in-di-ca-dor pos-te-rior al shock del
 []


Overfull \hbox (10.48015pt too wide) in paragraph at lines 211--211
[]|\T1/cmtt/m/n/10.95 days_since_last_price_change| 
 []


Underfull \hbox (badness 10000) in paragraph at lines 214--214
[]|\T1/cmtt/m/n/10.95 competitors_1km \T1/cmr/m/n/10.95 a
 []


ignored: Infinite glue shrinkage found in box being split [3]
Overfull \hbox (4.25418pt too wide) in paragraph at lines 220--220
[]\T1/cmr/bx/n/14.4 Proyecciones lo-ca-les so-bre el his-to-rial de ac-tua-li-za-cio-nes del MEP-
 []

[4] [5]
<../results/figures/lp_irf_fuel.pdf, id=196, 542.025pt x 325.215pt>
File: ../results/figures/lp_irf_fuel.pdf Graphic file (type pdf)
<use ../results/figures/lp_irf_fuel.pdf>
Package pdftex.def Info: ../results/figures/lp_irf_fuel.pdf  used on input line 422.
(pdftex.def)             Requested size: 401.22942pt x 240.74464pt.
<../results/figures/lp_irf_brand.pdf, id=199, 542.025pt x 325.215pt>
File: ../results/figures/lp_irf_brand.pdf Graphic file (type pdf)
<use ../results/figures/lp_irf_brand.pdf>
Package pdftex.def Info: ../results/figures/lp_irf_brand.pdf  used on input line 431.
(pdftex.def)             Requested size: 401.22942pt x 240.74464pt.
<../results/figures/lp_irf_competitors.pdf, id=200, 542.025pt x 325.215pt>
File: ../results/figures/lp_irf_competitors.pdf Graphic file (type pdf)
<use ../results/figures/lp_irf_competitors.pdf>
Package pdftex.def Info: ../results/figures/lp_irf_competitors.pdf  used on input line 438.
(pdftex.def)             Requested size: 401.22942pt x 240.74464pt.
<../results/figures/lp_irf_carretera.pdf, id=201, 542.025pt x 325.215pt>
File: ../results/figures/lp_irf_carretera.pdf Graphic file (type pdf)
<use ../results/figures/lp_irf_carretera.pdf>
Package pdftex.def Info: ../results/figures/lp_irf_carretera.pdf  used on input line 446.
(pdftex.def)             Requested size: 401.22942pt x 240.74464pt.
<../results/figures/lp_irf_macrozona.pdf, id=202, 542.025pt x 325.215pt>
File: ../results/figures/lp_irf_macrozona.pdf Graphic file (type pdf)
<use ../results/figures/lp_irf_macrozona.pdf>
Package pdftex.def Info: ../results/figures/lp_irf_macrozona.pdf  used on input line 447.
(pdftex.def)             Requested size: 401.22942pt x 240.74464pt.
 [6] [7] [8 <../results/figures/lp_irf_fuel.pdf> <../results/figures/lp_irf_brand.pdf>] [9 <../results/figures/lp_irf_competitors.pdf>] [10 <../results/figures/lp_irf_carretera.pdf> <../results/figures/lp_irf_macrozona.pdf>] [11]
<../results/figures/lp_evento2026_brand.pdf, id=296, 542.025pt x 325.215pt>
File: ../results/figures/lp_evento2026_brand.pdf Graphic file (type pdf)
<use ../results/figures/lp_evento2026_brand.pdf>
Package pdftex.def Info: ../results/figures/lp_evento2026_brand.pdf  used on input line 634.
(pdftex.def)             Requested size: 401.22942pt x 240.74464pt.
<../results/figures/lp_evento2026_competitors.pdf, id=298, 542.025pt x 325.215pt>
File: ../results/figures/lp_evento2026_competitors.pdf Graphic file (type pdf)
<use ../results/figures/lp_evento2026_competitors.pdf>
Package pdftex.def Info: ../results/figures/lp_evento2026_competitors.pdf  used on input line 642.
(pdftex.def)             Requested size: 401.22942pt x 240.74464pt.
 [12 <../results/figures/lp_evento2026_brand.pdf>] [13 <../results/figures/lp_evento2026_competitors.pdf>] [14]
<../results/figures/dl_irf_fuel.pdf, id=351, 542.025pt x 325.215pt>
File: ../results/figures/dl_irf_fuel.pdf Graphic file (type pdf)
<use ../results/figures/dl_irf_fuel.pdf>
Package pdftex.def Info: ../results/figures/dl_irf_fuel.pdf  used on input line 831.
(pdftex.def)             Requested size: 401.22942pt x 240.74464pt.
<../results/figures/dl_irf_brand.pdf, id=354, 542.025pt x 325.215pt>
File: ../results/figures/dl_irf_brand.pdf Graphic file (type pdf)
<use ../results/figures/dl_irf_brand.pdf>
Package pdftex.def Info: ../results/figures/dl_irf_brand.pdf  used on input line 840.
(pdftex.def)             Requested size: 401.22942pt x 240.74464pt.
<../results/figures/dl_irf_competitors.pdf, id=355, 542.025pt x 325.215pt>
File: ../results/figures/dl_irf_competitors.pdf Graphic file (type pdf)
<use ../results/figures/dl_irf_competitors.pdf>
Package pdftex.def Info: ../results/figures/dl_irf_competitors.pdf  used on input line 841.
(pdftex.def)             Requested size: 401.22942pt x 240.74464pt.
 [15] [16 <../results/figures/dl_irf_fuel.pdf>] [17 <../results/figures/dl_irf_brand.pdf> <../results/figures/dl_irf_competitors.pdf>]
<../results/figures/price_cost_by_fuel_week.pdf, id=412, 650.43pt x 325.215pt>
File: ../results/figures/price_cost_by_fuel_week.pdf Graphic file (type pdf)
<use ../results/figures/price_cost_by_fuel_week.pdf>
Package pdftex.def Info: ../results/figures/price_cost_by_fuel_week.pdf  used on input line 977.
(pdftex.def)             Requested size: 472.03123pt x 236.02046pt.
<../results/figures/margin_by_brand_week.pdf, id=413, 542.025pt x 325.215pt>
File: ../results/figures/margin_by_brand_week.pdf Graphic file (type pdf)
<use ../results/figures/margin_by_brand_week.pdf>
Package pdftex.def Info: ../results/figures/margin_by_brand_week.pdf  used on input line 986.
(pdftex.def)             Requested size: 401.22942pt x 240.74464pt.
<../results/figures/margin_by_brand_week_normalized.pdf, id=414, 542.025pt x 325.215pt>
File: ../results/figures/margin_by_brand_week_normalized.pdf Graphic file (type pdf)
<use ../results/figures/margin_by_brand_week_normalized.pdf>
Package pdftex.def Info: ../results/figures/margin_by_brand_week_normalized.pdf  used on input line 994.
(pdftex.def)             Requested size: 401.22942pt x 240.74464pt.
<../results/figures/margin_by_fuel_week.pdf, id=415, 542.025pt x 325.215pt>
File: ../results/figures/margin_by_fuel_week.pdf Graphic file (type pdf)
<use ../results/figures/margin_by_fuel_week.pdf>
Package pdftex.def Info: ../results/figures/margin_by_fuel_week.pdf  used on input line 1002.
(pdftex.def)             Requested size: 401.22942pt x 240.74464pt.
<../results/figures/margin_by_competition_week.pdf, id=416, 542.025pt x 325.215pt>
File: ../results/figures/margin_by_competition_week.pdf Graphic file (type pdf)
<use ../results/figures/margin_by_competition_week.pdf>
Package pdftex.def Info: ../results/figures/margin_by_competition_week.pdf  used on input line 1010.
(pdftex.def)             Requested size: 401.22942pt x 240.74464pt.
 [18] [19 <../results/figures/price_cost_by_fuel_week.pdf> <../results/figures/margin_by_brand_week.pdf>] [20 <../results/figures/margin_by_brand_week_normalized.pdf> <../results/figures/margin_by_fuel_week.pdf>] [21 <../results/figures/margin_by_competition_week.pdf>] [22] [23]
<../results/figures/rockets_feathers_irf.pdf, id=511, 542.025pt x 325.215pt>
File: ../results/figures/rockets_feathers_irf.pdf Graphic file (type pdf)
<use ../results/figures/rockets_feathers_irf.pdf>
Package pdftex.def Info: ../results/figures/rockets_feathers_irf.pdf  used on input line 1235.
(pdftex.def)             Requested size: 401.22942pt x 240.74464pt.
<../results/figures/rockets_feathers_robustness.pdf, id=514, 542.025pt x 325.215pt>
File: ../results/figures/rockets_feathers_robustness.pdf Graphic file (type pdf)
<use ../results/figures/rockets_feathers_robustness.pdf>
Package pdftex.def Info: ../results/figures/rockets_feathers_robustness.pdf  used on input line 1244.
(pdftex.def)             Requested size: 401.22942pt x 240.74464pt.
<../results/figures/rockets_feathers_competencia.pdf, id=517, 686.565pt x 325.215pt>
File: ../results/figures/rockets_feathers_competencia.pdf Graphic file (type pdf)
<use ../results/figures/rockets_feathers_competencia.pdf>
Package pdftex.def Info: ../results/figures/rockets_feathers_competencia.pdf  used on input line 1252.
(pdftex.def)             Requested size: 472.03123pt x 223.58972pt.
<../results/figures/rockets_feathers_marca.pdf, id=518, 686.565pt x 325.215pt>
File: ../results/figures/rockets_feathers_marca.pdf Graphic file (type pdf)
<use ../results/figures/rockets_feathers_marca.pdf>
Package pdftex.def Info: ../results/figures/rockets_feathers_marca.pdf  used on input line 1260.
(pdftex.def)             Requested size: 472.03123pt x 223.58972pt.
<../results/figures/rockets_feathers_robustness_asym.pdf, id=519, 722.7pt x 397.485pt>
File: ../results/figures/rockets_feathers_robustness_asym.pdf Graphic file (type pdf)
<use ../results/figures/rockets_feathers_robustness_asym.pdf>
Package pdftex.def Info: ../results/figures/rockets_feathers_robustness_asym.pdf  used on input line 1268.
(pdftex.def)             Requested size: 472.03123pt x 259.61766pt.
 [24] [25 <../results/figures/rockets_feathers_irf.pdf> <../results/figures/rockets_feathers_robustness.pdf>] [26 <../results/figures/rockets_feathers_competencia.pdf> <../results/figures/rockets_feathers_marca.pdf>] [27 <../results/figures/rockets_feathers_robustness_asym.pdf>] (../results/tables/leader_follower_regressions.tex) (../results/tables/competition_speed_regressions.tex) [28]
<../results/figures/leader_follower_adoption_curve.pdf, id=608, 542.025pt x 325.215pt>
File: ../results/figures/leader_follower_adoption_curve.pdf Graphic file (type pdf)
<use ../results/figures/leader_follower_adoption_curve.pdf>
Package pdftex.def Info: ../results/figures/leader_follower_adoption_curve.pdf  used on input line 1417.
(pdftex.def)             Requested size: 401.22942pt x 240.74464pt.
<../results/figures/leader_follower_boxplot.pdf, id=609, 578.16pt x 433.62pt>
File: ../results/figures/leader_follower_boxplot.pdf Graphic file (type pdf)
<use ../results/figures/leader_follower_boxplot.pdf>
Package pdftex.def Info: ../results/figures/leader_follower_boxplot.pdf  used on input line 1425.
(pdftex.def)             Requested size: 401.22942pt x 300.91841pt.
 [29] [30 <../results/figures/leader_follower_adoption_curve.pdf> <../results/figures/leader_follower_boxplot.pdf>] (./passthrough.aux
LaTeX Info: Redefining \. on input line 11.
LaTeX Info: Redefining \% on input line 11.
)
 ***********
LaTeX2e <2025-11-01>
L3 programming layer <2026-01-19>
 ***********
Package rerunfilecheck Info: File `passthrough.out' has not changed.
(rerunfilecheck)             Checksum: 665D73A21D247CD0FD31C402533E3056;4796.
 ) 
Here is how much of TeX's memory you used:
 11880 strings out of 467525
 189106 string characters out of 5418982
 637482 words of memory out of 5000000
 40520 multiletter control sequences out of 15000+600000
 648089 words of font info for 87 fonts, out of 8000000 for 9000
 1141 hyphenation exceptions out of 8191
 75i,10n,79p,510b,611s stack positions out of 10000i,1000n,20000p,200000b,200000s
</usr/local/texlive/2026/texmf-dist/fonts/type1/public/amsfonts/cm/cmbx10.pfb></usr/local/texlive/2026/texmf-dist/fonts/type1/public/amsfonts/cm/cmex10.pfb></usr/local/texlive/2026/texmf-dist/fonts/type1/public/amsfonts/cmextra/cmex9.pfb></usr/local/texlive/2026/texmf-dist/fonts/type1/public/amsfonts/cm/cmmi10.pfb></usr/local/texlive/2026/texmf-dist/fonts/type1/public/amsfonts/cm/cmmi6.pfb></usr/local/texlive/2026/texmf-dist/fonts/type1/public/amsfonts/cm/cmmi8.pfb></usr/local/texlive/2026/texmf-dist/fonts/type1/public/amsfonts/cm/cmmi9.pfb></usr/local/texlive/2026/texmf-dist/fonts/type1/public/amsfonts/cm/cmr10.pfb></usr/local/texlive/2026/texmf-dist/fonts/type1/public/amsfonts/cm/cmr6.pfb></usr/local/texlive/2026/texmf-dist/fonts/type1/public/amsfonts/cm/cmr8.pfb></usr/local/texlive/2026/texmf-dist/fonts/type1/public/amsfonts/cm/cmr9.pfb></usr/local/texlive/2026/texmf-dist/fonts/type1/public/amsfonts/cm/cmsy10.pfb></usr/local/texlive/2026/texmf-dist/fonts/type1/public/amsfonts/cm/cmsy6.pfb></usr/local/texlive/2026/texmf-dist/fonts/type1/public/amsfonts/cm/cmsy8.pfb></usr/local/texlive/2026/texmf-dist/fonts/type1/public/amsfonts/cm/cmsy9.pfb></usr/local/texlive/2026/texmf-dist/fonts/type1/public/amsfonts/cm/cmti10.pfb></usr/local/texlive/2026/texmf-dist/fonts/type1/public/cm-super/sfbi1440.pfb></usr/local/texlive/2026/texmf-dist/fonts/type1/public/cm-super/sfbx1095.pfb></usr/local/texlive/2026/texmf-dist/fonts/type1/public/cm-super/sfbx1200.pfb></usr/local/texlive/2026/texmf-dist/fonts/type1/public/cm-super/sfbx1440.pfb></usr/local/texlive/2026/texmf-dist/fonts/type1/public/cm-super/sfrm0600.pfb></usr/local/texlive/2026/texmf-dist/fonts/type1/public/cm-super/sfrm0800.pfb></usr/local/texlive/2026/texmf-dist/fonts/type1/public/cm-super/sfrm0900.pfb></usr/local/texlive/2026/texmf-dist/fonts/type1/public/cm-super/sfrm1095.pfb></usr/local/texlive/2026/texmf-dist/fonts/type1/public/cm-super/sfrm1200.pfb></usr/local/texlive/2026/texmf-dist/fonts/type1/public/cm-super/sfrm1728.pfb></usr/local/texlive/2026/texmf-dist/fonts/type1/public/cm-super/sfti0900.pfb></usr/local/texlive/2026/texmf-dist/fonts/type1/public/cm-super/sfti1095.pfb></usr/local/texlive/2026/texmf-dist/fonts/type1/public/cm-super/sftt0900.pfb></usr/local/texlive/2026/texmf-dist/fonts/type1/public/cm-super/sftt1095.pfb>
Output written on passthrough.pdf (30 pages, 778552 bytes).
PDF statistics:
 785 PDF objects out of 1000 (max. 8388607)
 637 compressed objects within 7 object streams
 120 named destinations out of 1000 (max. 500000)
 303 words of extra memory for PDF output out of 10000 (max. 10000000)

